src/components/OrinInterface.tsx(3,23): error TS6133: 'Terminal' is declared but its value is never read.
src/components/OrinInterface.tsx(3,33): error TS6133: 'Command' is declared but its value is never read.
src/components/OrinInterface.tsx(3,47): error TS6133: 'Play' is declared but its value is never read.
